---
source: edpdgen_lib/src/ajdict/input_parsers/dpd.rs
expression: word_data

---
abahulīkata; pp of na bahulīkaroti, comp vb, neg; not practised often; not fully developed; not cultivated; not increased, lit. not made a lot; constr: na > a + bahula > bahulī + kata; kammadhāraya (na + bahulīkata), ant: bahulīkata; sk: abahulīkṛta; ph: a > ī before √kar
