---
source: edpdgen_lib/src/ajdict/input_parsers/dpd.rs
expression: word_data

---
nigrodha; masc; banyan tree, lit. growing down; root: √ruh･1 a (to ascend, grow); constr: ni + [g] + √ruh > rodh + *a; sk: nyagrodha, √ruh cl. 1 (to ascend); ph: u > o; wiki: https://en.wikipedia.org/wiki/Banyan
