---
source: edpdgen_lib/src/ajdict/input_parsers/dpd.rs
expression: word_data

---
abyāpajjha; nt, ptp of na vyābādheti, neg; freedom from oppressive pain; relief from suffering, lit. not to be oppressed; root: √bādh･1 a (to press, oppress); constr: na > a + vi + ā > byā + √bādh + ya; kammadhāraya (na + byāpajjha), ant: byāpajjha; var: abyābajjha, avyāpajjha; note: confusion between √bādh & √pad; sk: avyābadhya, √bādh cl. 1 (to oppress); ph: vi > by
